2019-11-26 13:43: Here is a message in white
2019-11-26 13:43: Here is a message in red
2019-11-26 13:43: Here is a message in yellow
2019-11-26 13:43: Here is a message in green
2019-11-26 13:43: Here is a message in blue
2019-11-26 13:43: Here is a message in purple
2019-11-26 13:43: Here is a message in orange
2019-11-26 13:44: Here is a message in white
2019-11-26 13:44: Here is a message in red
2019-11-26 13:44: Here is a message in yellow
2019-11-26 13:44: Here is a message in green
2019-11-26 13:44: Here is a message in blue
2019-11-26 13:44: Here is a message in purple
2019-11-26 13:44: Here is a message in orange
2019-11-26 13:44: Here is a message in white
2019-11-26 13:44: Here is a message in red
2019-11-26 13:44: Here is a message in yellow
2019-11-26 13:44: Here is a message in green
2019-11-26 13:44: Here is a message in blue
2019-11-26 13:44: Here is a message in purple
2019-11-26 13:44: Here is a message in orange
2019-11-26 13:44: Here is a temp message 1/3
2019-11-26 13:44: Here is a temp message 2/3
2019-11-26 13:44: Here is a temp message 3/3
2019-11-26 13:45: Here is a message in white
2019-11-26 13:45: Here is a message in red
2019-11-26 13:45: Here is a message in yellow
2019-11-26 13:45: Here is a message in green
2019-11-26 13:45: Here is a message in blue
2019-11-26 13:45: Here is a message in purple
2019-11-26 13:45: Here is a message in orange
2019-11-26 13:45: Here is a temp message 1/3
2019-11-26 13:45: Here is a temp message 2/3
2019-11-26 13:45: Here is a temp message 3/3
2019-11-26 13:47: Here is a message in white
2019-11-26 13:47: Here is a message in red
2019-11-26 13:47: Here is a message in yellow
2019-11-26 13:47: Here is a message in green
2019-11-26 13:47: Here is a message in blue
2019-11-26 13:47: Here is a message in purple
2019-11-26 13:47: Here is a message in orange
2019-11-26 13:47: Here is a temp message 1/3
2019-11-26 13:47: Here is a temp message 2/3
2019-11-26 13:47: Here is a temp message 3/3
2019-11-26 13:48: Here is a message in white
2019-11-26 13:49: Here is a message in red
2019-11-26 13:49: Here is a message in yellow
2019-11-26 13:49: Here is a message in green
2019-11-26 13:49: Here is a message in blue
2019-11-26 13:49: Here is a message in purple
2019-11-26 13:49: Here is a message in orange
2019-11-26 13:49: Here is a temp message 1/3
2019-11-26 13:49: Here is a temp message 2/3
2019-11-26 13:49: Here is a temp message 3/3
2019-11-26 13:49: This will only show in the log
2019-11-26 13:49: Complete
2019-11-26 13:49: Here is a message in white
2019-11-26 13:49: Here is a message in red
2019-11-26 13:49: Here is a message in yellow
2019-11-26 13:49: Here is a message in green
2019-11-26 13:49: Here is a message in blue
2019-11-26 13:49: Here is a message in purple
2019-11-26 13:49: Here is a message in orange
2019-11-26 13:49: Here is a temp message 1/3
2019-11-26 13:49: Here is a temp message 2/3
2019-11-26 13:49: Here is a temp message 3/3
2019-11-26 13:49: This will only show in the log
2019-11-26 13:49: Complete
2019-11-26 14:02: Here is a message in white
2019-11-26 14:02: Here is a message in red
2019-11-26 14:02: Here is a message in yellow
2019-11-26 14:02: Here is a message in green
2019-11-26 14:02: Here is a message in blue
2019-11-26 14:02: Here is a message in purple
2019-11-26 14:02: Here is a message in orange
2019-11-26 14:02: Here is a temp message 1/3
2019-11-26 14:02: Here is a temp message 2/3
2019-11-26 14:02: Here is a temp message 3/3
2019-11-26 14:02: This will only show in the log
2019-11-26 14:02: Complete
2019-11-26 14:02: Here is a message in white
2019-11-26 14:02: Here is a message in red
2019-11-26 14:02: Here is a message in yellow
2019-11-26 14:02: Here is a message in green
2019-11-26 14:02: Here is a message in blue
2019-11-26 14:02: Here is a message in purple
2019-11-26 14:02: Here is a message in orange
2019-11-26 14:02: Here is a temp message 1/3
2019-11-26 14:02: Here is a temp message 2/3
2019-11-26 14:02: Here is a temp message 3/3
2019-11-26 14:02: This will only show in the log
2019-11-26 14:02: Complete
2019-11-26 15:21: Here is a message in white
2019-11-26 15:21: Here is a message in red
2019-11-26 15:21: Here is a message in yellow
2019-11-26 15:21: Here is a message in green
2019-11-26 15:21: Here is a message in blue
2019-11-26 15:21: Here is a message in purple
2019-11-26 15:21: Here is a message in orange
2019-11-26 15:21: Here is a temp message 1/3
2019-11-26 15:21: Here is a temp message 2/3
2019-11-26 15:21: Here is a temp message 3/3
2019-11-26 15:21: This will only show in the log
2019-11-26 15:21: Complete
2019-11-26 15:22: Here is a message in white
2019-11-26 15:22: Here is a message in red
2019-11-26 15:22: Here is a message in yellow
2019-11-26 15:22: Here is a message in green
2019-11-26 15:22: Here is a message in blue
2019-11-26 15:22: Here is a message in purple
2019-11-26 15:22: Here is a message in orange
2019-11-26 15:22: Here is a temp message 1/3
2019-11-26 15:22: Here is a temp message 2/3
2019-11-26 15:22: Here is a temp message 3/3
2019-11-26 15:22: This will only show in the log
2019-11-26 15:22: Complete
2019-11-26 15:24: Here is a message in white
2019-11-26 15:24: Here is a message in red
2019-11-26 15:24: Here is a message in yellow
2019-11-26 15:24: Here is a message in green
2019-11-26 15:24: Here is a message in blue
2019-11-26 15:24: Here is a message in purple
2019-11-26 15:24: Here is a message in orange
2019-11-26 15:24: Here is a temp message 1/3
2019-11-26 15:24: Here is a temp message 2/3
2019-11-26 15:24: Here is a temp message 3/3
2019-11-26 15:24: This will only show in the log
2019-11-26 15:24: Complete
2019-11-26 15:30: Here is a message in white
2019-11-26 15:30: Here is a message in red
2019-11-26 15:30: Here is a message in yellow
2019-11-26 15:30: Here is a message in green
2019-11-26 15:30: Here is a message in blue
2019-11-26 15:30: Here is a message in purple
2019-11-26 15:30: Here is a message in orange
2019-11-26 15:30: Here is a temp message 1/3
2019-11-26 15:30: Here is a temp message 2/3
2019-11-26 15:30: Here is a temp message 3/3
2019-11-26 15:30: This will only show in the log
2019-11-26 15:30: Complete
2019-11-26 15:30: Here is a message in white
2019-11-26 15:30: Here is a message in red
2019-11-26 15:30: Here is a message in yellow
2019-11-26 15:30: Here is a message in green
2019-11-26 15:30: Here is a message in blue
2019-11-26 15:30: Here is a message in purple
2019-11-26 15:30: Here is a message in orange
2019-11-26 15:30: Here is a temp message 1/3
2019-11-26 15:30: Here is a temp message 2/3
2019-11-26 15:30: Here is a temp message 3/3
2019-11-26 15:30: This will only show in the log
2019-11-26 15:30: Complete
2019-11-26 15:30: Here is a message in white
2019-11-26 15:30: Here is a message in red
2019-11-26 15:30: Here is a message in yellow
2019-11-26 15:30: Here is a message in green
2019-11-26 15:30: Here is a message in blue
2019-11-26 15:30: Here is a message in purple
2019-11-26 15:30: Here is a message in orange
2019-11-26 15:30: Here is a temp message 1/3
2019-11-26 15:30: Here is a temp message 2/3
2019-11-26 15:30: Here is a temp message 3/3
2019-11-26 15:30: This will only show in the log
2019-11-26 15:30: Complete
2019-11-26 15:30: Here is a message in white
2019-11-26 15:30: Here is a message in red
2019-11-26 15:30: Here is a message in yellow
2019-11-26 15:30: Here is a message in green
2019-11-26 15:30: Here is a message in blue
2019-11-26 15:30: Here is a message in purple
2019-11-26 15:30: Here is a message in orange
2019-11-26 15:30: Here is a temp message 1/3
2019-11-26 15:30: Here is a temp message 2/3
2019-11-26 15:30: Here is a temp message 3/3
2019-11-26 15:30: This will only show in the log
2019-11-26 15:30: Complete
2019-11-26 15:30: Here is a message in white
2019-11-26 15:30: Here is a message in red
2019-11-26 15:30: Here is a message in yellow
2019-11-26 15:41: Initializing Application...
2019-11-26 15:42: Application Initialized
2019-11-26 15:44: Initializing Application...
2019-11-26 15:44: Application Initialized
2019-11-26 15:44: Loading Data...
2019-11-26 15:44: Data Loaded
2019-11-26 15:45: Initializing Application...
2019-11-26 15:45: Application Initialized
2019-11-26 15:45: Loading Data...
2019-11-26 15:45: Data Loaded
2019-11-26 15:45: Initializing Application...
2019-11-26 15:45: Application Initialized
2019-11-26 15:45: Loading Data...
2019-11-26 15:45: Data Loaded
2019-11-26 15:46: Initializing Application...
2019-11-26 15:46: Application Initialized
2019-11-26 15:46: Loading Data...
2019-11-26 15:46: Data Loaded
2019-11-26 15:46: Initializing Application...
2019-11-26 15:46: Application Initialized
2019-11-26 15:46: Loading Data...
2019-11-26 15:46: Data Loaded
2019-11-26 15:47: Initializing Application...
2019-11-26 15:47: Application Initialized
2019-11-26 15:47: Loading Data...
2019-11-26 15:47: Data Loaded
2019-11-26 16:00: Starting
2019-11-26 16:00: Complete
2019-11-26 16:02: Starting
2019-11-26 16:02: Failed To Connect to Device, Retrying...
2019-11-26 16:02: Connected to Device
2019-11-26 16:02: Complete
2019-11-26 16:03: Starting
2019-11-26 16:04: Failed To Connect to Device, Retrying...
2019-11-26 16:04: Connected to Device
2019-11-26 16:04: [0 1 0 1 0 0 0 1 1 0 1]
2019-11-26 16:04: [0 1 0 1 0 0 0 1 1 0 1]
2019-11-26 16:04: [0 1 0 1 0 0 0 1 1 0 1]
2019-11-26 16:04: [0 1 0 1 0 0 0 1 1 0 1]
2019-11-26 16:04: [0 1 0 1 0 0 0 1 1 0 1]
2019-11-26 16:04: Complete
2019-11-26 16:10: Starting
2019-11-26 16:11: Failed To Connect to Device, Retrying...
2019-11-26 16:11: Connected to Device
2019-11-26 16:11: Starting
2019-11-26 16:11: Failed To Connect to Device, Retrying...
2019-11-26 16:11: Connected to Device
2019-11-26 16:11: 117,143,104,255,252,247,154,95,77,218
2019-11-26 16:11: 103,159,17,75,207,104,2,213,23,85
2019-11-26 16:11: 38,190,16,181,230,79,62,152,30,199
2019-11-26 16:11: 60,147,32,221,33,39,132,60,249,204
2019-11-26 16:11: 64,48,240,137,228,172,56,156,2,204
2019-11-26 16:11: Complete
2019-11-26 16:12: Starting
2019-11-26 16:12: Failed To Connect to Device, Retrying...
2019-11-26 16:12: Connected to Device
2019-11-26 16:12: [31,165,82,255,234,5,191,37,104,117,103,242,213,52,43,43,204,132,177,178]
2019-11-26 16:12: [246,247,161,66,220,164,133,26,122,166,203,216,77,71,202,252,35,204,60,51]
2019-11-26 16:12: [144,12,221,142,50,14,229,165,208,86,78,14,14,32,40,17,109,196,201,160]
2019-11-26 16:12: [167,98,111,182,182,58,31,9,193,252,225,50,156,125,140,31,49,188,219,26]
2019-11-26 16:12: [5,69,49,61,137,102,219,198,165,95,93,138,128,252,6,5,51,189,24,71]
2019-11-26 16:12: Complete
2019-11-26 16:14: Starting
2019-11-26 16:14: Failed To Connect to Device, Retrying...
2019-11-26 16:14: Connected to Device
2019-11-26 16:14: [150,230,41,133,186,51,248,12,33,219,165,117,144,22,154,249,190,49,66,234]
2019-11-26 16:14: [151,163,253,98,254,69,87,1,135,18,63,116,117,126,228,3,246,187,220,133]
2019-11-26 16:14: [212,118,81,29,193,141,198,255,127,121,184,178,143,163,146,2,44,185,112,236]
2019-11-26 16:14: [226,80,11,155,223,238,117,173,76,194,226,98,232,29,32,212,76,94,106,247]
2019-11-26 16:14: [59,90,224,26,242,59,200,67,92,153,142,249,199,63,157,218,168,139,246,187]
2019-11-26 16:14: Complete
2019-11-26 16:15: Starting
2019-11-26 16:16: Failed To Connect to Device, Retrying...
2019-11-26 16:16: Connected to Device
2019-11-26 16:16: [71,78,232,128,180,25,230,195,72,247,126,246,172,35,224,12,40,252,206,74]
2019-11-26 16:16: [52,50,133,130,217,68,242,218,162,10,20,145,128,189,232,29,188,75,171,92]
2019-11-26 16:16: [167,222,159,45,30,136,161,27,22,236,20,199,233,96,49,246,130,173,26,242]
2019-11-26 16:16: [62,201,227,75,64,54,46,84,113,10,246,2,88,33,186,46,92,121,205,186]
2019-11-26 16:16: [245,215,234,2,143,209,136,23,186,122,37,229,26,29,110,68,182,24,42,117]
2019-11-26 16:16: Complete
2019-11-26 16:17: Starting
2019-11-26 16:17: Failed To Connect to Device, Retrying...
2019-11-26 16:17: Connected to Device
2019-11-26 16:17: [207,136,198,9,44,51,89,155,67,133,253,13,53,111,253,62,106,226,141,54]
2019-11-26 16:17: [100,142,158,141,39,198,3,21,68,25,172,37,98,33,225,141,42,34,242,167]
2019-11-26 16:17: [73,213,107,39,101,37,141,66,69,242,188,247,194,175,38,190,122,65,171,170]
2019-11-26 16:17: [85,210,148,22,190,166,194,109,194,4,169,32,208,238,17,57,39,201,21,98]
2019-11-26 16:17: [191,140,180,26,252,73,3,183,152,233,246,137,164,223,128,103,193,174,8,147]
2019-11-26 16:17: Final Result: 42
2019-11-26 16:17: Complete
2019-11-26 16:20: Starting
2019-11-26 16:20: Failed To Connect to Device, Retrying...
2019-11-26 16:20: Connected to Device
2019-11-26 16:20: [185,48,133,234,256,148,249,10,49,68,53,212,131,131,78,23,251,177,144,200]
2019-11-26 16:20: [189,210,119,117,28,82,242,143,146,196,231,15,119,240,77,33,36,233,21,208]
2019-11-26 16:20: [207,89,214,16,43,121,225,195,157,168,54,107,120,247,30,10,65,229,86,46]
2019-11-26 16:20: [194,104,125,192,237,73,63,107,64,222,203,45,160,186,28,225,121,131,179,170]
2019-11-26 16:20: [21,240,195,74,82,33,127,31,120,229,93,69,138,45,211,10,163,63,126,238]
2019-11-26 16:20: Final Result: 42
2019-11-26 16:20: Complete
2019-11-26 16:20: Starting
2019-11-26 16:20: Failed To Connect to Device, Retrying...
2019-11-26 16:20: Connected to Device
2019-11-26 16:20: [140,211,48,51,216,71,207,61,206,22,193,93,100,13,120,77,32,148,20,154]
2019-11-26 16:20: [198,180,209,192,93,247,149,218,143,231,54,146,209,114,126,30,186,40,102,39]
2019-11-26 16:20: [13,256,194,253,230,42,106,9,103,184,161,182,179,128,209,210,169,166,151,127]
2019-11-26 16:20: [213,109,142,197,45,231,254,220,162,222,31,216,64,234,164,156,58,105,244,82]
2019-11-26 16:20: [58,182,71,164,61,182,154,249,180,119,125,177,232,60,134,107,146,116,150,57]
2019-11-26 16:20: Final Result: 42
2019-11-26 16:20: Complete
2019-11-26 16:22: Starting
2019-11-26 16:22: Failed To Connect to Device, Retrying...
2019-11-26 16:22: Connected to Device
2019-11-26 16:22: [45,13,189,243,26,242,100,181,210,91,95,142,213,111,179,190,152,53,86,229]
2019-11-26 16:22: [155,199,150,197,139,188,107,166,27,116,216,241,181,164,171,133,35,233,254,154]
2019-11-26 16:22: [154,238,50,240,4,144,134,226,178,246,160,68,39,12,246,74,127,182,115,152]
2019-11-26 16:22: [39,117,165,89,249,14,12,224,233,205,133,159,213,204,136,206,251,250,190,31]
2019-11-26 16:22: [98,174,31,174,128,35,213,121,8,163,243,47,213,185,59,170,251,211,193,222]
2019-11-26 16:22: Final Result: 42
2019-11-26 16:22: Complete
2019-11-26 16:23: Starting
2019-11-26 16:23: Failed To Connect to Device, Retrying...
2019-11-26 16:23: Connected to Device
2019-11-26 16:23: [113,251,9,163,190,78,146,70,84,241,66,100,151,214,140,157,239,229,88,109]
2019-11-26 16:23: [4,77,3,43,132,91,10,96,242,31,147,19,67,196,112,199,11,121,50,32]
2019-11-26 16:23: [117,255,179,193,180,51,119,214,233,116,154,140,195,90,256,170,208,79,106,185]
2019-11-26 16:23: [28,166,50,220,141,77,206,33,117,0,220,83,125,249,76,63,216,250,196,31]
2019-11-26 16:23: [148,27,191,77,52,35,124,141,63,132,40,131,119,114,112,199,223,54,128,180]
2019-11-26 16:23: Final Result: 42
2019-11-26 16:23: Complete
